// Jest Snapshot v1, https://goo.gl/fbAQLP

exports[`checks if routes are working should render app with calculator 1`] = `
Array [
  <nav>
    <ul>
      <li>
        <a
          href="/"
          onClick={[Function]}
        >
          Main Page
        </a>
      </li>
      <li>
        <a
          href="/calculator"
          onClick={[Function]}
        >
          Calculator
        </a>
      </li>
      <li>
        <a
          href="/quote"
          onClick={[Function]}
        >
          Quote of the day
        </a>
      </li>
    </ul>
  </nav>,
  <div>
    <h1>
      Math Magicians
    </h1>
    <p>
      Lorem ipsum dolor, sit amet consectetur adipisicing elit.
    </p>
  </div>,
]
`;

exports[`checks if routes are working should render quote of the day page 1`] = `
Array [
  <nav>
    <ul>
      <li>
        <a
          href="/"
          onClick={[Function]}
        >
          Main Page
        </a>
      </li>
      <li>
        <a
          href="/calculator"
          onClick={[Function]}
        >
          Calculator
        </a>
      </li>
      <li>
        <a
          href="/quote"
          onClick={[Function]}
        >
          Quote of the day
        </a>
      </li>
    </ul>
  </nav>,
  <div>
    <h1>
      Math Magicians
    </h1>
    <p>
      Lorem ipsum dolor, sit amet consectetur adipisicing elit.
    </p>
  </div>,
]
`;

exports[`checks if routes are working should render to mainpage 1`] = `
Array [
  <nav>
    <ul>
      <li>
        <a
          href="/"
          onClick={[Function]}
        >
          Main Page
        </a>
      </li>
      <li>
        <a
          href="/calculator"
          onClick={[Function]}
        >
          Calculator
        </a>
      </li>
      <li>
        <a
          href="/quote"
          onClick={[Function]}
        >
          Quote of the day
        </a>
      </li>
    </ul>
  </nav>,
  <div>
    <h1>
      Math Magicians
    </h1>
    <p>
      Lorem ipsum dolor, sit amet consectetur adipisicing elit.
    </p>
  </div>,
]
`;
